[info] --year 2025 given with no --since; defaulting to since=2025-01-01
[info] using crawl delay 10s (from robots.txt or default)
[info] date window: 2025-01-01 .. 2025-12-31
[info] resolving available years from the listing's own year filter...
[info] listing offers years: [2026, 2025, 2024, 2023, 2022, 2021, 2020, 2019, 2018, 2017, 2016, 2015, 2014, 2013, 2012, 2011, 2010, 2009, 2008, 2007, 2006, 2005]
[info] --- year 2025 (y=2) ---
[info] page 0: 100 links, newest-to-oldest dates seen: 2025-11-26 .. 2025-06-24
[info] page 1: 100 links, newest-to-oldest dates seen: 2025-12-30 .. 2025-05-22
[new] DEC022025_01B5203.pdf
[new] MAY282025_05B5203.pdf
[new] MAY302025_03B5203.pdf
[new] MAY202025_02B5203.pdf
[new] MAY302025_02B5203.pdf
[new] MAY212025_02B5203.pdf
[new] MAY292025_02B5203.pdf
[new] MAY282025_04B5203.pdf
[new] MAY282025_03B5203.pdf
[new] JUN132025_02B5203.pdf
[new] AUG152025_02B5203.pdf
[new] AUG182025_01B5203.pdf
[new] AUG202025_01B5203.pdf
[new] AUG262025_01B5203.pdf
[new] AUG272025_01B5203.pdf
[new] DEC012025_04B5203.pdf
[new] DEC012025_05B5203.pdf
[new] AUG012025_01B5203.pdf
[new] DEC012025_03B5203.pdf
[new] MAY212025_01B5203.pdf
[new] DEC012025_02B5203.pdf
[new] DEC012025_01B5203.pdf
[new] AUG122025_01B5203.pdf
[new] AUG072025_01B5203.pdf
[new] AUG042025_02B5203.pdf
[new] AUG042025_01B5203.pdf
[new] MAY152025_06B5203.pdf
[new] JUL162025_01B5203.pdf
[new] MAY152025_05B5203.pdf
[new] MAY162025_08B5203.pdf
[new] MAY162025_09B5203.pdf
[new] MAY192025_05B5203.pdf
[new] MAY202025_01B5203.pdf
[new] MAY202025_03B5203.pdf
[new] MAY222025_01B5203.pdf
[new] MAY222025_02B5203.pdf
[new] MAY232025_01B5203.pdf
[new] MAY232025_02B5203.pdf
[new] AUG152025_01B5203.pdf
[new] MAY292025_01B5203.pdf
[new] MAY192025_06B5203.pdf
[new] MAY192025_07B5203.pdf
[new] MAY282025_01B5203.pdf
[new] MAY232025_03B5203.pdf
[new] MAY222025_06B5203.pdf
[new] MAY222025_05B5203.pdf
[new] MAY222025_04B5203.pdf
[new] MAY282025_02B5203.pdf
[new] MAY222025_03B5203.pdf
[new] MAY232025_04B5203.pdf
[new] MAY212025_05B5203.pdf
[new] MAY212025_04B5203.pdf
[new] MAY212025_03B5203.pdf
[new] MAY272025_02B5203.pdf
[new] MAY272025_03B5203.pdf
[new] MAY272025_04B5203.pdf
[new] MAY272025_01B5203.pdf
[new] MAY142025_08B5203.pdf
[new] MAY152025_01B5203.pdf
[new] MAY152025_02B5203.pdf
[new] MAY152025_03B5203.pdf
[new] MAY152025_04B5203.pdf
[new] MAY302025_06B5203.pdf
[new] MAY302025_05B5203.pdf
[new] MAY162025_01B5203.pdf
[new] MAY162025_03B5203.pdf
[new] MAY162025_02B5203.pdf
[new] MAY302025_04B5203.pdf
[new] MAY192025_04B5203.pdf
[new] MAY142025_06B5203.pdf
[new] MAY162025_06B5203.pdf
[new] MAY192025_03B5203.pdf
[new] MAY162025_05B5203.pdf
[new] MAY162025_07B5203.pdf
[new] MAY142025_05B5203.pdf
[new] MAY142025_04B5203.pdf
[new] MAY142025_03B5203.pdf
[new] JUN262025_08B5203.pdf
[new] JUN272025_01B5203.pdf
[new] JUN112025_01B5203.pdf
[new] JUN242025_03B5203.pdf
[new] JUN262025_02B5203.pdf
[new] JUN262025_03B5203.pdf
[new] JUN262025_04B5203.pdf
[new] JUN262025_05B5203.pdf
[new] JUN262025_06B5203.pdf
[new] JUN262025_07B5203.pdf
[new] JUN262025_09B5203.pdf
[new] JUN262025_10B5203.pdf
[new] MAY162025_04B5203.pdf
[new] JUN272025_02B5203.pdf
[new] JUN272025_03B5203.pdf
[new] JUN272025_04B5203.pdf
[new] JUN302025_01B5203.pdf
[new] JUN302025_02B5203.pdf
[new] JUN302025_03B5203.pdf
[new] MAY142025_07B5203.pdf
[new] MAY192025_02B5203.pdf
[new] MAY192025_01B5203.pdf
[info] page 2: 100 links, newest-to-oldest dates seen: 2025-12-03 .. 2025-05-14
[new] JUN182025_04B5203.pdf
[new] JUN202025_03B5203.pdf
[new] JUN202025_02B5203.pdf
[new] JUL012025_01B5203.pdf
[new] JUN102025_06B5203.pdf
[new] JUL012025_02B5203.pdf
[new] JUN102025_07B5203.pdf
[new] JUN112025_02B5203.pdf
[new] JUN112025_03B5203.pdf
[new] JUL072025_02B5203.pdf
[new] JUL102025_01B5203.pdf
[new] JUL092025_02B5203.pdf
[new] JUL092025_01B5203.pdf
[new] JUL082025_01B5203.pdf
[new] JUL072025_03B5203.pdf
[new] JUL032025_02B5203.pdf
[new] JUL012025_03B5203.pdf
[new] JUL022025_01B5203.pdf
[new] JUL022025_02B5203.pdf
[new] JUL022025_03B5203.pdf
[new] JUL032025_01B5203.pdf
[new] MAY132025_03B5203.pdf
[new] JUL072025_01B5203.pdf
[new] JUL032025_03B5203.pdf
[new] JUN122025_02B5203.pdf
[new] JUN122025_01B5203.pdf
[new] JUN102025_08B5203.pdf
[new] MAY302025_01B5203.pdf
[new] MAY142025_01B5203.pdf
[new] MAY132025_05B5203.pdf
[new] MAY132025_04B5203.pdf
[new] MAY132025_02B5203.pdf
[new] MAY132025_01B5203.pdf
[new] MAY122025_04B5203.pdf
[new] MAY122025_03B5203.pdf
[new] MAY122025_02B5203.pdf
[new] JUN232025_02B5203.pdf
[new] JUN232025_01B5203.pdf
[new] JUN202025_01B5203.pdf
[new] JUN182025_07B5203.pdf
[new] JUN182025_05B5203.pdf
[new] JUN182025_06B5203.pdf
[new] JUN132025_01B5203.pdf
[new] JUN132025_03B5203.pdf
[new] JUN132025_04B5203.pdf
[new] JUN132025_05B5203.pdf
[new] JUN162025_01B5203.pdf
[new] JUN172025_01B5203.pdf
[new] JUN172025_02B5203.pdf
[new] JUN172025_03B5203.pdf
[new] JUN172025_04B5203.pdf
[new] JUN182025_01B5203.pdf
[new] JUN182025_02B5203.pdf
[new] JUN182025_03B5203.pdf
[new] MAY082025_05B5203.pdf
[new] MAY082025_03B5203.pdf
[new] MAY022025_04B5203.pdf
[new] MAY022025_02B5203.pdf
[new] MAY022025_05B5203.pdf
[new] MAY022025_06B5203.pdf
[new] MAY062025_01B5203.pdf
[new] MAY062025_02B5203.pdf
[new] MAY062025_03B5203.pdf
[new] MAY122025_01B5203.pdf
[new] MAY062025_04B5203.pdf
[new] MAY012025_08B5203.pdf
[new] MAY022025_01B5203.pdf
[new] MAY072025_05B5203.pdf
[new] MAY082025_01B5203.pdf
[new] MAY082025_02B5203.pdf
[new] MAY082025_04B5203.pdf
[new] MAY092025_01B5203.pdf
[new] MAY022025_03B5203.pdf
[new] MAY012025_07B5203.pdf
[new] MAY012025_06B5203.pdf
[new] MAY012025_05B5203.pdf
[new] MAY012025_04B5203.pdf
[new] MAY012025_03B5203.pdf
[new] MAY082025_06B5203.pdf
[new] MAY012025_02B5203.pdf
[new] MAY092025_08B5203.pdf
[new] MAY092025_07B5203.pdf
[new] MAY092025_06B5203.pdf
[new] MAY092025_05B5203.pdf
[new] MAY092025_04B5203.pdf
[new] MAY092025_03B5203.pdf
[new] MAY092025_02B5203.pdf
[new] JUN102025_04B5203.pdf
[new] JUN102025_02B5203.pdf
[new] JUN102025_03B5203.pdf
[new] JUN062025_04B5203.pdf
[new] JUN102025_01B5203.pdf
[new] JUN062025_03B5203.pdf
[new] JUN062025_01B5203.pdf
[new] JUN052025_03B5203.pdf
[new] JUN052025_02B5203.pdf
[new] JUN052025_01B5203.pdf
[new] JUN042025_04B5203.pdf
[new] JUN042025_03B5203.pdf
[info] page 3: 100 links, newest-to-oldest dates seen: 2025-07-10 .. 2025-05-01
[new] JUN102025_05B5203.pdf
[new] JUN042025_02B5203.pdf
[new] MAY072025_02B5203.pdf
[new] MAY072025_01B5203.pdf
[new] MAY072025_03B5203.pdf
[new] MAY072025_04B5203.pdf
[new] MAY012025_01B5203.pdf
[new] JUN022025_01B5203.pdf
[new] JUN022025_02B5203.pdf
[new] JUN022025_03B5203.pdf
[new] JUN032025_02B5203.pdf
[new] JUN032025_03B5203.pdf
[new] JUN032025_04B5203.pdf
[new] MAR262025_06B5203.pdf
[new] APR172025_07B5203.pdf
[new] APR282025_04B5203.pdf
[new] APR282025_03B5203.pdf
[new] APR282025_02B5203.pdf
[new] APR282025_01B5203.pdf
[new] APR252025_07B5203.pdf
[new] JUN042025_01B5203.pdf
[new] APR252025_06B5203.pdf
[new] APR252025_05B5203.pdf
[new] APR282025_05B5203.pdf
[new] APR252025_04B5203.pdf
[new] APR252025_03B5203.pdf
[new] APR252025_02B5203.pdf
[new] APR252025_01B5203.pdf
[new] APR242025_03B5203.pdf
[new] APR242025_02B5203.pdf
[new] APR242025_01B5203.pdf
[new] APR232025_13B5203.pdf
[new] APR232025_12B5203.pdf
[new] APR232025_11B5203.pdf
[new] APR232025_10B5203.pdf
[new] APR232025_09B5203.pdf
[new] APR282025_07B5203.pdf
[new] JUN032025_01B5203.pdf
[new] APR302025_01B5203.pdf
[new] APR302025_02B5203.pdf
[new] APR302025_03B5203.pdf
[new] APR302025_04B5203.pdf
[new] APR292025_13B5203.pdf
[new] APR292025_12B5203.pdf
[new] APR292025_11B5203.pdf
[new] APR292025_10B5203.pdf
[new] APR292025_08B5203.pdf
[new] APR282025_06B5203.pdf
[new] APR282025_08B5203.pdf
[new] APR292025_02B5203.pdf
[new] APR292025_03B5203.pdf
[new] APR292025_04B5203.pdf
[new] APR292025_05B5203.pdf
[new] APR292025_06B5203.pdf
[new] APR292025_07B5203.pdf
[new] APR292025_09B5203.pdf
[new] APR232025_14B5203.pdf
[new] APR182025_03B5203.pdf
[new] APR232025_07B5203.pdf
[new] APR232025_06B5203.pdf
[new] APR232025_05B5203.pdf
[new] APR232025_04B5203.pdf
[new] APR232025_03B5203.pdf
[new] APR232025_02B5203.pdf
[new] APR172025_01B5203.pdf
[new] APR182025_04B5203.pdf
[new] APR182025_02B5203.pdf
[new] APR182025_01B5203.pdf
[new] APR172025_06B5203.pdf
[new] APR172025_05B5203.pdf
[new] APR172025_04B5203.pdf
[new] APR172025_03B5203.pdf
[new] APR172025_02B5203.pdf
[new] APR222025_04B5203.pdf
[new] APR162025_05B5203.pdf
[new] APR162025_04B5203.pdf
[new] APR162025_03B5203.pdf
[new] APR162025_02B5203.pdf
[new] APR072025_07B5203.pdf
[new] APR072025_08B5203.pdf
[new] APR232025_01B5203.pdf
[new] APR212025_09B5203.pdf
[new] APR222025_02B5203.pdf
[new] APR222025_03B5203.pdf
[new] APR222025_01B5203.pdf
[new] APR212025_11B5203.pdf
[new] APR212025_10B5203.pdf
[new] APR212025_08B5203.pdf
[new] APR212025_07B5203.pdf
[new] APR212025_06B5203.pdf
[new] APR212025_05B5203.pdf
[new] APR212025_04B5203.pdf
[new] APR212025_03B5203.pdf
[new] APR212025_02B5203.pdf
[new] APR212025_01B5203.pdf
[new] APR102025_03B5203.pdf
[info] page 4: 100 links, newest-to-oldest dates seen: 2025-06-10 .. 2025-03-26
[new] APR102025_02B5203.pdf
[new] APR092025_04B5203.pdf
[new] APR032025_01B5203.pdf
[new] APR022025_07B5203.pdf
[new] APR072025_04B5203.pdf
[new] APR022025_08B5203.pdf
[new] APR022025_09B5203.pdf
[new] APR022025_10B5203.pdf
[new] APR022025_11B5203.pdf
[new] APR032025_02B5203.pdf
[new] APR032025_03B5203.pdf
[new] APR022025_06B5203.pdf
[new] APR102025_05B5203.pdf
[new] APR232025_08B5203.pdf
[new] APR112025_02B5203.pdf
[new] APR142025_02B5203.pdf
[new] APR152025_01B5203.pdf
[new] APR152025_02B5203.pdf
[new] APR292025_01B5203.pdf
[new] APR152025_03B5203.pdf
[new] APR152025_04B5203.pdf
[new] MAR282025_06B5203.pdf
[new] APR022025_03B5203.pdf
[new] MAR272025_04B5203.pdf
[new] MAR182025_04B5203.pdf
[new] APR022025_04B5203.pdf
[new] MAR282025_04B5203.pdf
[new] MAR132025_02B5203.pdf
[new] MAR312025_01B5203.pdf
[new] MAR312025_02B5203.pdf
[new] MAR312025_03B5203.pdf
[new] APR022025_05B5203.pdf
[new] APR102025_07B5203.pdf
[new] APR092025_03B5203.pdf
[new] APR102025_04B5203.pdf
[new] APR102025_06B5203.pdf
[new] APR162025_01B5203.pdf
[new] MAR272025_05B5203.pdf
[new] MAR282025_01B5203.pdf
[new] MAR282025_02B5203.pdf
[new] MAR282025_03B5203.pdf
[new] MAR262025_04B5203.pdf
[new] MAR272025_03B5203.pdf
[new] MAR272025_02B5203.pdf
[new] MAR272025_01B5203.pdf
[new] MAR262025_05B5203.pdf
[new] APR012025_02B5203.pdf
[new] APR042025_07B5203.pdf
[new] APR012025_03B5203.pdf
[new] APR012025_04B5203.pdf
[new] APR012025_05B5203.pdf
[new] APR012025_06B5203.pdf
[new] APR022025_01B5203.pdf
[new] APR022025_02B5203.pdf
[new] APR042025_01B5203.pdf
[new] APR042025_02B5203.pdf
[new] APR042025_03B5203.pdf
[new] APR042025_04B5203.pdf
[new] APR042025_05B5203.pdf
[new] APR042025_06B5203.pdf
[new] APR142025_01B5203.pdf
[new] APR072025_01B5203.pdf
[new] APR072025_02B5203.pdf
[new] APR072025_03B5203.pdf
[new] APR072025_05B5203.pdf
[new] APR072025_06B5203.pdf
[new] APR082025_01B5203.pdf
[new] APR082025_02B5203.pdf
[new] APR092025_01B5203.pdf
[new] APR092025_02B5203.pdf
[new] APR102025_01B5203.pdf
[new] APR112025_01B5203.pdf
[new] APR122025_01B5203.pdf
[new] MAR182025_01B5203.pdf
[new] MAR202025_04B5203.pdf
[new] MAR202025_03B5203.pdf
[new] MAR202025_02B5203.pdf
[new] MAR202025_01B5203.pdf
[new] MAR192025_04B5203.pdf
[new] MAR192025_03B5203.pdf
[new] MAR192025_02B5203.pdf
[new] MAR192025_01B5203.pdf
[new] MAR182025_09B5203.pdf
[new] MAR182025_08B5203.pdf
[new] MAR182025_07B5203.pdf
[new] MAR182025_06B5203.pdf
[new] MAR182025_05B5203.pdf
[new] MAR182025_03B5203.pdf
[new] MAR182025_02B5203.pdf
[new] MAR172025_01B5203.pdf
[new] MAR172025_04B5203.pdf
[new] MAR172025_03B5203.pdf
[new] MAR172025_02B5203.pdf
[new] MAR142025_07B5203.pdf
[new] MAR142025_06B5203.pdf
[new] MAR142025_05B5203.pdf
[new] MAR132025_01B5203.pdf
[new] MAR132025_03B5203.pdf
[new] MAR132025_04B5203.pdf
[new] MAR142025_01B5203.pdf
[info] page 5: 100 links, newest-to-oldest dates seen: 2025-04-29 .. 2025-03-13
[new] MAR142025_02B5203.pdf
[new] MAR142025_03B5203.pdf
[new] MAR142025_04B5203.pdf
[new] APR012025_01B5203.pdf
[new] MAR262025_03B5203.pdf
[new] MAR202025_06B5203.pdf
[new] MAR262025_02B5203.pdf
[new] MAR262025_01B5203.pdf
[new] MAR252025_14B5203.pdf
[new] MAR252025_13B5203.pdf
[new] MAR252025_12B5203.pdf
[new] MAR252025_11B5203.pdf
[new] MAR252025_10B5203.pdf
[new] MAR252025_09B5203.pdf
[new] MAR252025_08B5203.pdf
[new] MAR252025_07B5203.pdf
[new] MAR252025_06B5203.pdf
[new] MAR252025_05B5203.pdf
[new] MAR252025_04B5203.pdf
[new] MAR252025_03B5203.pdf
[new] MAR252025_02B5203.pdf
[new] MAR242025_07B5203.pdf
[new] MAR202025_05B5203.pdf
[new] MAR202025_07B5203.pdf
[new] MAR202025_08B5203.pdf
[new] MAR212025_01B5203.pdf
[new] MAR212025_02B5203.pdf
[new] MAR212025_03B5203.pdf
[new] MAR212025_04B5203.pdf
[new] MAR242025_01B5203.pdf
[new] MAR242025_02B5203.pdf
[new] MAR252025_01B5203.pdf
[new] MAR242025_06B5203.pdf
[new] MAR242025_05B5203.pdf
[new] MAR242025_04B5203.pdf
[new] MAR242025_03B5203.pdf
[new] MAR122025_05B5203.pdf
[new] MAR122025_01B5203.pdf
[new] MAR122025_02B5203.pdf
[new] MAR122025_03B5203.pdf
[new] MAR122025_04B5203.pdf
[new] MAR122025_06B5203.pdf
[new] MAR122025_07B5203.pdf
[new] MAR122025_08B5203.pdf
[new] MAR112025_01B5203.pdf
[new] MAR112025_06B5203.pdf
[new] MAR112025_05B5203.pdf
[new] MAR112025_04B5203.pdf
[new] MAR112025_03B5203.pdf
[new] MAR112025_02B5203.pdf
[new] MAR102025_02B5203.pdf
[new] MAR102025_03B5203.pdf
[new] MAR102025_01B5203.pdf
[new] MAR072025_03B5203.pdf
[new] MAR072025_02B5203.pdf
[new] MAR072025_01B5203.pdf
[new] MAR062025_04B5203.pdf
[new] MAR062025_03B5203.pdf
[new] MAR062025_02B5203.pdf
[new] MAR062025_01B5203.pdf
[new] MAR052025_01B5203.pdf
[new] MAR052025_02B5203.pdf
[new] MAR052025_03B5203.pdf
[new] MAR042025_04B5203.pdf
[new] MAR042025_03B5203.pdf
[new] MAR042025_02B5203.pdf
[new] MAR042025_01B5203.pdf
[new] MAR032025_03B5203.pdf
[new] MAR032025_02B5203.pdf
[new] MAR032025_01B5203.pdf
[new] FEB282025_01B5203.pdf
[new] MAR032025_07B5203.pdf
[new] MAR032025_06B5203.pdf
[new] FEB282025_02B5203.pdf
[new] MAR032025_05B5203.pdf
[new] MAR032025_04B5203.pdf
[new] FEB272025_06B5203.pdf
[new] FEB272025_05B5203.pdf
[new] FEB272025_04B5203.pdf
[new] FEB272025_03B5203.pdf
[new] FEB272025_02B5203.pdf
[new] FEB272025_01B5203.pdf
[new] FEB262025_10B5203.pdf
[new] FEB262025_09B5203.pdf
[new] FEB262025_08B5203.pdf
[new] FEB252025_09B5203.pdf
[new] FEB262025_03B5203.pdf
[new] FEB262025_04B5203.pdf
[new] FEB262025_05B5203.pdf
[new] FEB262025_06B5203.pdf
[new] FEB262025_07B5203.pdf
[new] FEB252025_03B5203.pdf
[new] FEB252025_07B5203.pdf
[new] FEB252025_06B5203.pdf
[new] FEB252025_05B5203.pdf
[new] FEB252025_04B5203.pdf
[new] FEB252025_08B5203.pdf
[new] FEB262025_01B5203.pdf
[new] FEB262025_02B5203.pdf
[new] FEB252025_02B5203.pdf
[info] page 6: 100 links, newest-to-oldest dates seen: 2025-04-01 .. 2025-02-25
[new] FEB252025_01B5203.pdf
[new] FEB242025_01B5203.pdf
[new] FEB242025_03B5203.pdf
[new] FEB242025_02B5203.pdf
[new] FEB242025_04B5203.pdf
[new] FEB202025_05B5203.pdf
[new] FEB212025_01B5203.pdf
[new] FEB212025_04B5203.pdf
[new] FEB212025_02B5203.pdf
[new] FEB212025_03B5203.pdf
[new] FEB212025_05B5203.pdf
[new] FEB212025_06B5203.pdf
[new] FEB212025_07B5203.pdf
[new] FEB202025_02B5203.pdf
[new] FEB202025_03B5203.pdf
[new] FEB202025_04B5203.pdf
[new] FEB182025_08B5203.pdf
[new] FEB192025_01B5203.pdf
[new] FEB192025_02B5203.pdf
[new] FEB202025_01B5203.pdf
[new] FEB182025_04B5203.pdf
[new] FEB182025_05B5203.pdf
[new] FEB182025_06B5203.pdf
[new] FEB182025_07B5203.pdf
[new] FEB182025_03B5203.pdf
[new] FEB182025_02B5203.pdf
[new] FEB182025_01B5203.pdf
[new] FEB142025_01B5203.pdf
[new] FEB132025_16B5203.pdf
[new] FEB132025_15B5203.pdf
[new] FEB132025_14B5203.pdf
[new] FEB132025_13B5203.pdf
[new] FEB132025_12B5203.pdf
[new] FEB132025_11B5203.pdf
[new] FEB132025_10B5203.pdf
[new] FEB102025_02B5203.pdf
[new] FEB102025_03B5203.pdf
[new] FEB102025_04B5203.pdf
[new] FEB112025_01B5203.pdf
[new] FEB132025_09B5203.pdf
[new] FEB132025_08B5203.pdf
[new] FEB132025_03B5203.pdf
[new] FEB132025_04B5203.pdf
[new] FEB132025_05B5203.pdf
[new] FEB132025_06B5203.pdf
[new] FEB132025_07B5203.pdf
[new] FEB062025_02B5203.pdf
[new] FEB132025_02B5203.pdf
[new] FEB132025_01B5203.pdf
[new] FEB102025_01B5203.pdf
[new] FEB072025_02B5203.pdf
[new] FEB072025_01B5203.pdf
[new] FEB062025_01B5203.pdf
[new] FEB052025_04B5203.pdf
[new] FEB052025_03B5203.pdf
[new] FEB052025_02B5203.pdf
[new] FEB052025_01B5203.pdf
[new] FEB042025_01B5203.pdf
[new] FEB032025_02B5203.pdf
[new] FEB032025_01B5203.pdf
[new] JAN312025_05B5203.pdf
[new] JAN312025_04B5203.pdf
[new] JAN312025_03B5203.pdf
[new] JAN312025_02B5203.pdf
[new] JAN312025_01B5203.pdf
[new] JAN302025_05B5203.pdf
[new] JAN292025_05B5203.pdf
[new] JAN292025_06B5203.pdf
[new] JAN302025_02B5203.pdf
[new] JAN302025_03B5203.pdf
[new] JAN302025_04B5203.pdf
[new] JAN282025_03B5203.pdf
[new] JAN292025_04B5203.pdf
[new] JAN292025_03B5203.pdf
[new] JAN292025_02B5203.pdf
[new] JAN302025_01B5203.pdf
[new] JAN292025_01B5203.pdf
[new] JAN282025_02B5203.pdf
[new] JAN282025_01B5203.pdf
[new] JAN272025_02B5203.pdf
[new] JAN272025_01B5203.pdf
[new] JAN252025_01B5203.pdf
[new] JAN242025_03B5203.pdf
[new] JAN232025_01B5203.pdf
[new] JAN232025_02B5203.pdf
[new] JAN232025_03B5203.pdf
[new] JAN242025_01B5203.pdf
[new] JAN242025_02B5203.pdf
[new] JAN232025_04B5203.pdf
[new] JAN222025_03B5203.pdf
[new] JAN222025_02B5203.pdf
[new] JAN222025_01B5203.pdf
[new] JAN172025_04B5203.pdf
[new] JAN212025_01B5203.pdf
[new] JAN212025_02B5203.pdf
[new] JAN212025_03B5203.pdf
[new] JAN212025_04B5203.pdf
[new] JAN212025_05B5203.pdf
[new] JAN212025_06B5203.pdf
[new] JAN212025_07B5203.pdf
[info] page 7: 100 links, newest-to-oldest dates seen: 2025-02-25 .. 2025-01-17
[new] JAN212025_08B5203.pdf
[new] JAN212025_09B5203.pdf
[new] JAN212025_10B5203.pdf
[new] JAN212025_11B5203.pdf
[new] JAN172025_03B5203.pdf
[new] JAN172025_02B5203.pdf
[new] JAN172025_01B5203.pdf
[new] JAN162025_04B5203.pdf
[new] JAN162025_03B5203.pdf
[new] JAN162025_02B5203.pdf
[new] JAN152025_05B5203.pdf
[new] JAN152025_04B5203.pdf
[new] JAN152025_03B5203.pdf
[new] JAN152025_02B5203.pdf
[new] JAN162025_01B5203.pdf
[new] JAN152025_01B5203.pdf
[new] JAN142025_04B5203.pdf
[new] JAN142025_03B5203.pdf
[new] JAN142025_02B5203.pdf
[new] JAN142025_01B5203.pdf
[new] JAN132025_02B5203.pdf
[new] JAN132025_01B5203.pdf
[new] JAN102025_05B5203.pdf
[new] JAN102025_02B5203.pdf
[new] JAN102025_01B5203.pdf
[new] JAN102025_03B5203.pdf
[new] JAN102025_04B5203.pdf
[new] JAN082025_08B5203.pdf
[new] JAN082025_07B5203.pdf
[new] JAN082025_06B5203.pdf
[new] JAN082025_05B5203.pdf
[new] JAN082025_04B5203.pdf
[new] JAN062025_02B5203.pdf
[new] JAN062025_03B5203.pdf
[new] JAN072025_02B5203.pdf
[new] JAN072025_01B5203.pdf
[new] JAN062025_06B5203.pdf
[new] JAN062025_05B5203.pdf
[new] JAN062025_04B5203.pdf
[new] JAN082025_01B5203.pdf
[new] JAN062025_01B5203.pdf
[new] JAN082025_02B5203.pdf
[new] JAN082025_03B5203.pdf
[new] JAN032025_01B5203.pdf
[new] JAN032025_02B5203.pdf
[new] JAN032025_03B5203.pdf
[new] JAN032025_04B5203.pdf
[new] JAN022025_01B5203.pdf
[info] page 8: 48 links, newest-to-oldest dates seen: 2025-01-21 .. 2025-01-02
[info] page 9: 0 links, newest-to-oldest dates seen: ? .. ?
[info] no links on this page; assuming end of this year's results
[done] 642 new decision(s) downloaded within window -> /Users/iuryliraribeiro/Source/niw-eb2-monitor/data/pdfs
