[info] using crawl delay 10s (from robots.txt or default)
[info] date window: 2025-01-01 .. 2026-08-14
[info] page 0: 100 links, newest-to-oldest dates seen: 2026-07-21 .. 2026-05-08
[info] page 1: 100 links, newest-to-oldest dates seen: 2026-05-19 .. 2026-01-02
[info] page 2: 100 links, newest-to-oldest dates seen: 2026-04-24 .. 2026-01-07
[info] page 3: 87 links, newest-to-oldest dates seen: 2026-03-30 .. 2026-02-02
[info] page 4: 0 links, newest-to-oldest dates seen: ? .. ?
[info] page 5: 0 links, newest-to-oldest dates seen: ? .. ?
[info] page 6: 0 links, newest-to-oldest dates seen: ? .. ?
[info] page 7: 0 links, newest-to-oldest dates seen: ? .. ?
[info] page 8: 0 links, newest-to-oldest dates seen: ? .. ?
[info] page 9: 0 links, newest-to-oldest dates seen: ? .. ?
[info] page 10: 0 links, newest-to-oldest dates seen: ? .. ?
[info] page 11: 0 links, newest-to-oldest dates seen: ? .. ?
[info] page 12: 0 links, newest-to-oldest dates seen: ? .. ?
[info] page 13: 0 links, newest-to-oldest dates seen: ? .. ?
[info] page 14: 0 links, newest-to-oldest dates seen: ? .. ?
[info] page 15: 0 links, newest-to-oldest dates seen: ? .. ?
[info] page 16: 0 links, newest-to-oldest dates seen: ? .. ?
[info] page 17: 0 links, newest-to-oldest dates seen: ? .. ?
[info] page 18: 0 links, newest-to-oldest dates seen: ? .. ?
[info] page 19: 0 links, newest-to-oldest dates seen: ? .. ?
[info] page 20: 0 links, newest-to-oldest dates seen: ? .. ?
[info] page 21: 0 links, newest-to-oldest dates seen: ? .. ?
[info] page 22: 0 links, newest-to-oldest dates seen: ? .. ?
[info] page 23: 0 links, newest-to-oldest dates seen: ? .. ?
[info] page 24: 0 links, newest-to-oldest dates seen: ? .. ?
[info] page 25: 0 links, newest-to-oldest dates seen: ? .. ?
[info] page 26: 0 links, newest-to-oldest dates seen: ? .. ?
[info] page 27: 0 links, newest-to-oldest dates seen: ? .. ?
[info] page 28: 0 links, newest-to-oldest dates seen: ? .. ?
[info] page 29: 0 links, newest-to-oldest dates seen: ? .. ?
[info] page 30: 0 links, newest-to-oldest dates seen: ? .. ?
[info] page 31: 0 links, newest-to-oldest dates seen: ? .. ?
[info] page 32: 0 links, newest-to-oldest dates seen: ? .. ?
[info] page 33: 0 links, newest-to-oldest dates seen: ? .. ?
[info] page 34: 0 links, newest-to-oldest dates seen: ? .. ?
[info] page 35: 0 links, newest-to-oldest dates seen: ? .. ?
[info] page 36: 0 links, newest-to-oldest dates seen: ? .. ?
[info] page 37: 0 links, newest-to-oldest dates seen: ? .. ?
[info] page 38: 0 links, newest-to-oldest dates seen: ? .. ?
[info] page 39: 0 links, newest-to-oldest dates seen: ? .. ?
[info] page 40: 0 links, newest-to-oldest dates seen: ? .. ?
[info] page 41: 0 links, newest-to-oldest dates seen: ? .. ?
[info] page 42: 0 links, newest-to-oldest dates seen: ? .. ?
[info] page 43: 0 links, newest-to-oldest dates seen: ? .. ?
[info] page 44: 0 links, newest-to-oldest dates seen: ? .. ?
[info] page 45: 0 links, newest-to-oldest dates seen: ? .. ?
[info] page 46: 0 links, newest-to-oldest dates seen: ? .. ?
[info] page 47: 0 links, newest-to-oldest dates seen: ? .. ?
[info] page 48: 0 links, newest-to-oldest dates seen: ? .. ?
[info] page 49: 0 links, newest-to-oldest dates seen: ? .. ?
[info] page 50: 0 links, newest-to-oldest dates seen: ? .. ?
[info] page 51: 0 links, newest-to-oldest dates seen: ? .. ?
[info] page 52: 0 links, newest-to-oldest dates seen: ? .. ?
[info] page 53: 0 links, newest-to-oldest dates seen: ? .. ?
[info] page 54: 0 links, newest-to-oldest dates seen: ? .. ?
[info] page 55: 0 links, newest-to-oldest dates seen: ? .. ?
[info] page 56: 0 links, newest-to-oldest dates seen: ? .. ?
[info] page 57: 0 links, newest-to-oldest dates seen: ? .. ?
[info] page 58: 0 links, newest-to-oldest dates seen: ? .. ?
[info] page 59: 0 links, newest-to-oldest dates seen: ? .. ?
[info] page 60: 0 links, newest-to-oldest dates seen: ? .. ?
[info] page 61: 0 links, newest-to-oldest dates seen: ? .. ?
[info] page 62: 0 links, newest-to-oldest dates seen: ? .. ?
[info] page 63: 0 links, newest-to-oldest dates seen: ? .. ?
[info] page 64: 0 links, newest-to-oldest dates seen: ? .. ?
[info] page 65: 0 links, newest-to-oldest dates seen: ? .. ?
[info] page 66: 0 links, newest-to-oldest dates seen: ? .. ?
[info] page 67: 0 links, newest-to-oldest dates seen: ? .. ?
[info] page 68: 0 links, newest-to-oldest dates seen: ? .. ?
[info] page 69: 0 links, newest-to-oldest dates seen: ? .. ?
[info] page 70: 0 links, newest-to-oldest dates seen: ? .. ?
[info] page 71: 0 links, newest-to-oldest dates seen: ? .. ?
[info] page 72: 0 links, newest-to-oldest dates seen: ? .. ?
[info] page 73: 0 links, newest-to-oldest dates seen: ? .. ?
[info] page 74: 0 links, newest-to-oldest dates seen: ? .. ?
[info] page 75: 0 links, newest-to-oldest dates seen: ? .. ?
[info] page 76: 0 links, newest-to-oldest dates seen: ? .. ?
[info] page 77: 0 links, newest-to-oldest dates seen: ? .. ?
[info] page 78: 0 links, newest-to-oldest dates seen: ? .. ?
[info] page 79: 0 links, newest-to-oldest dates seen: ? .. ?
[info] page 80: 0 links, newest-to-oldest dates seen: ? .. ?
[info] page 81: 0 links, newest-to-oldest dates seen: ? .. ?
[info] page 82: 0 links, newest-to-oldest dates seen: ? .. ?
[info] page 83: 0 links, newest-to-oldest dates seen: ? .. ?
[info] page 84: 0 links, newest-to-oldest dates seen: ? .. ?
[info] page 85: 0 links, newest-to-oldest dates seen: ? .. ?
[info] page 86: 0 links, newest-to-oldest dates seen: ? .. ?
[info] page 87: 0 links, newest-to-oldest dates seen: ? .. ?
[info] page 88: 0 links, newest-to-oldest dates seen: ? .. ?
[info] page 89: 0 links, newest-to-oldest dates seen: ? .. ?
[info] page 90: 0 links, newest-to-oldest dates seen: ? .. ?
[info] page 91: 0 links, newest-to-oldest dates seen: ? .. ?
[info] page 92: 0 links, newest-to-oldest dates seen: ? .. ?
[info] page 93: 0 links, newest-to-oldest dates seen: ? .. ?
[info] page 94: 0 links, newest-to-oldest dates seen: ? .. ?
[info] page 95: 0 links, newest-to-oldest dates seen: ? .. ?
[info] page 96: 0 links, newest-to-oldest dates seen: ? .. ?
[info] page 97: 0 links, newest-to-oldest dates seen: ? .. ?
[info] page 98: 0 links, newest-to-oldest dates seen: ? .. ?
[info] page 99: 0 links, newest-to-oldest dates seen: ? .. ?
[done] 0 new decision(s) downloaded within window -> /Users/iuryliraribeiro/Source/niw-eb2-monitor/data/pdfs
